// Jest Snapshot v1, https://goo.gl/fbAQLP

exports[`<Hero /> should render correctly 1`] = `
"<HeroWrapper style={{...}}>
  <div className=\\"info\\">
    <span className=\\"title\\">
      My movie
    </span>
    <div className=\\"btn-wrapper\\">
      <Button types=\\"primary\\" className=\\"btn-trailer\\">
        Trailer
      </Button>
      <Button types=\\"secondary\\">
        Watchlist
      </Button>
    </div>
  </div>
</HeroWrapper>"
`;
