// Jest Snapshot v1, https://goo.gl/fbAQLP

exports[`<Hero /> should render correctly 1`] = `
"<HeroWrapper style={{...}}>
  <div className=\\"info\\">
    <span className=\\"title\\">
      Luca
    </span>
    <div className=\\"btn-wrapper\\">
      <Button type=\\"primary\\">
        Trailer
      </Button>
      <Button type=\\"secondary\\">
        Watchlist
      </Button>
    </div>
  </div>
</HeroWrapper>"
`;
