// Jest Snapshot v1, https://goo.gl/fbAQLP

exports[`<Button /> should render a primary button 1`] = `
"<ButtonPrimary>
  Click me!
</ButtonPrimary>"
`;

exports[`<Button /> should render a secondary button 1`] = `
"<styled.div>
  <ButtonSecondary>
    Click me!
  </ButtonSecondary>
</styled.div>"
`;
